source: fixtures/semantic/functions/closure-use-duplicate-invalid.php
parse_ok: true
semantic_ok: false
diagnostics:
  - id: E_PHP_CLOSURE_USE_DUPLICATES_PARAMETER
    severity: error
    phase: hir_lowering
    span: 41..47
symbols:
  []
hir_summary:
  statements: 2
  expressions: 4
  types: 1
  const_exprs: 0
  class_likes: 0
  methods: 0
  properties: 0
