ir version=1 unit=0 entry=function:0
files:
  file:0 "fixtures/bytecode/literals/valid/echo-source-map.php"
constants:
  const:0 null
  const:1 bool true
constant_table:
classes:
  class:0 "traversable" parent=None interfaces=[] methods=0 properties=0 constructor=none flags=abstract:true final:false readonly:false interface:true span=file:0@0..0
  class:1 "iterator" parent=None interfaces=["traversable"] methods=0 properties=0 constructor=none flags=abstract:true final:false readonly:false interface:true span=file:0@0..0
  class:2 "iteratoraggregate" parent=None interfaces=["traversable"] methods=0 properties=0 constructor=none flags=abstract:true final:false readonly:false interface:true span=file:0@0..0
  class:3 "arrayaccess" parent=None interfaces=[] methods=0 properties=0 constructor=none flags=abstract:true final:false readonly:false interface:true span=file:0@0..0
  class:4 "throwable" parent=None interfaces=[] methods=0 properties=0 constructor=none flags=abstract:true final:false readonly:false interface:true span=file:0@0..0
  class:5 "unitenum" parent=None interfaces=[] methods=0 properties=0 constructor=none flags=abstract:true final:false readonly:false interface:true span=file:0@0..0
  class:6 "backedenum" parent=None interfaces=[] methods=0 properties=0 constructor=none flags=abstract:true final:false readonly:false interface:true span=file:0@0..0
  class:7 "stringable" parent=None interfaces=[] methods=0 properties=0 constructor=none flags=abstract:true final:false readonly:false interface:true span=file:0@0..0
function_table:
functions:
  function "main" params=0 locals=0 regs=2 flags=top_level span=file:0@0..22
    block:0
      term span=file:0@0..22 jump block:1
    block:1
      instr:0 span=file:0@11..15 load_const r0 const:0
      instr:1 span=file:0@11..15 echo r0
      instr:2 span=file:0@17..21 load_const r1 const:1
      instr:3 span=file:0@17..21 echo r1
      term span=file:0@0..22 return const:0
source_map:
  function:0 <= hir:module:0 span=file:0@0..22
  block function:0 block:0 <= hir:module:0 span=file:0@0..22
  block function:0 block:1 <= hir:module:0 span=file:0@0..22
  instr function:0 block:1 instr:0 <= hir:expr:0 span=file:0@11..15
  instr function:0 block:1 instr:1 <= hir:expr:0 span=file:0@11..15
  instr function:0 block:1 instr:2 <= hir:expr:1 span=file:0@17..21
  instr function:0 block:1 instr:3 <= hir:expr:1 span=file:0@17..21
  term function:0 block:1 <= hir:module:0 span=file:0@0..22
  term function:0 block:0 <= hir:module:0 span=file:0@0..22
