fixture: valid/class_members.php
roundtrip_ok: true
diagnostics: 0

SOURCE_FILE @0..620
  PHP_BLOCK @0..620
    T_OPEN_TAG @0..6 line=1 text="<?php\n"
    STATEMENT_LIST @6..620
      T_WHITESPACE @6..7 line=2 text="\n"
      TRAIT_DECL @7..64
        T_TRAIT @7..12 line=3 text="trait"
        T_WHITESPACE @12..13 line=3 text=" "
        T_STRING @13..25 line=3 text="PrimaryTrait"
        T_WHITESPACE @25..26 line=3 text=" "
        CLASS_MEMBER_LIST @26..64
          { @26..27 line=3 text="{"
          T_WHITESPACE @27..32 line=3 text="\n    "
          METHOD_DECL @32..62
            T_PUBLIC @32..38 line=4 text="public"
            T_WHITESPACE @38..39 line=4 text=" "
            T_FUNCTION @39..47 line=4 text="function"
            T_WHITESPACE @47..48 line=4 text=" "
            T_STRING @48..51 line=4 text="run"
            ( @51..52 line=4 text="("
            ) @52..53 line=4 text=")"
            : @53..54 line=4 text=":"
            T_WHITESPACE @54..55 line=4 text=" "
            T_STRING @55..59 line=4 text="void"
            T_WHITESPACE @59..60 line=4 text=" "
            { @60..61 line=4 text="{"
            } @61..62 line=4 text="}"
          T_WHITESPACE @62..63 line=4 text="\n"
          } @63..64 line=5 text="}"
      T_WHITESPACE @64..66 line=5 text="\n\n"
      TRAIT_DECL @66..125
        T_TRAIT @66..71 line=7 text="trait"
        T_WHITESPACE @71..72 line=7 text=" "
        T_STRING @72..86 line=7 text="SecondaryTrait"
        T_WHITESPACE @86..87 line=7 text=" "
        CLASS_MEMBER_LIST @87..125
          { @87..88 line=7 text="{"
          T_WHITESPACE @88..93 line=7 text="\n    "
          METHOD_DECL @93..123
            T_PUBLIC @93..99 line=8 text="public"
            T_WHITESPACE @99..100 line=8 text=" "
            T_FUNCTION @100..108 line=8 text="function"
            T_WHITESPACE @108..109 line=8 text=" "
            T_STRING @109..112 line=8 text="run"
            ( @112..113 line=8 text="("
            ) @113..114 line=8 text=")"
            : @114..115 line=8 text=":"
            T_WHITESPACE @115..116 line=8 text=" "
            T_STRING @116..120 line=8 text="void"
            T_WHITESPACE @120..121 line=8 text=" "
            { @121..122 line=8 text="{"
            } @122..123 line=8 text="}"
          T_WHITESPACE @123..124 line=8 text="\n"
          } @124..125 line=9 text="}"
      T_WHITESPACE @125..127 line=9 text="\n\n"
      CLASS_DECL @127..619
        T_ABSTRACT @127..135 line=11 text="abstract"
        T_WHITESPACE @135..136 line=11 text=" "
        T_CLASS @136..141 line=11 text="class"
        T_WHITESPACE @141..142 line=11 text=" "
        T_STRING @142..156 line=11 text="MemberExamples"
        T_WHITESPACE @156..157 line=11 text=" "
        CLASS_MEMBER_LIST @157..619
          { @157..158 line=11 text="{"
          T_WHITESPACE @158..163 line=11 text="\n    "
          CLASS_CONST_DECL @163..216
            T_PUBLIC @163..169 line=12 text="public"
            T_WHITESPACE @169..170 line=12 text=" "
            T_CONST @170..175 line=12 text="const"
            T_WHITESPACE @175..176 line=12 text=" "
            T_STRING @176..182 line=12 text="string"
            T_WHITESPACE @182..183 line=12 text=" "
            T_STRING @183..187 line=12 text="KIND"
            T_WHITESPACE @187..188 line=12 text=" "
            = @188..189 line=12 text="="
            T_WHITESPACE @189..190 line=12 text=" "
            T_CONSTANT_ENCAPSED_STRING @190..198 line=12 text="\"member\""
            , @198..199 line=12 text=","
            T_WHITESPACE @199..200 line=12 text=" "
            T_STRING @200..205 line=12 text="OTHER"
            T_WHITESPACE @205..206 line=12 text=" "
            = @206..207 line=12 text="="
            T_WHITESPACE @207..208 line=12 text=" "
            T_CONSTANT_ENCAPSED_STRING @208..215 line=12 text="\"other\""
            ; @215..216 line=12 text=";"
          T_WHITESPACE @216..221 line=12 text="\n    "
          PROPERTY_DECL @221..251
            T_PRIVATE @221..228 line=13 text="private"
            T_WHITESPACE @228..229 line=13 text=" "
            T_STATIC @229..235 line=13 text="static"
            T_WHITESPACE @235..236 line=13 text=" "
            T_STRING @236..239 line=13 text="int"
            T_WHITESPACE @239..240 line=13 text=" "
            T_VARIABLE @240..246 line=13 text="$count"
            T_WHITESPACE @246..247 line=13 text=" "
            = @247..248 line=13 text="="
            T_WHITESPACE @248..249 line=13 text=" "
            T_LNUMBER @249..250 line=13 text="0"
            ; @250..251 line=13 text=";"
          T_WHITESPACE @251..256 line=13 text="\n    "
          PROPERTY_DECL @256..289
            T_PUBLIC @256..262 line=14 text="public"
            T_WHITESPACE @262..263 line=14 text=" "
            T_PRIVATE_SET @263..275 line=14 text="private(set)"
            T_WHITESPACE @275..276 line=14 text=" "
            T_STRING @276..282 line=14 text="string"
            T_WHITESPACE @282..283 line=14 text=" "
            T_VARIABLE @283..288 line=14 text="$name"
            ; @288..289 line=14 text=";"
          T_WHITESPACE @289..294 line=14 text="\n    "
          PROPERTY_DECL @294..339
            T_PROTECTED @294..303 line=15 text="protected"
            T_WHITESPACE @303..304 line=15 text=" "
            T_ARRAY @304..309 line=15 text="array"
            T_WHITESPACE @309..310 line=15 text=" "
            T_VARIABLE @310..316 line=15 text="$items"
            T_WHITESPACE @316..317 line=15 text=" "
            = @317..318 line=15 text="="
            T_WHITESPACE @318..319 line=15 text=" "
            [ @319..320 line=15 text="["
            ] @320..321 line=15 text="]"
            , @321..322 line=15 text=","
            T_WHITESPACE @322..323 line=15 text=" "
            T_VARIABLE @323..333 line=15 text="$moreItems"
            T_WHITESPACE @333..334 line=15 text=" "
            = @334..335 line=15 text="="
            T_WHITESPACE @335..336 line=15 text=" "
            [ @336..337 line=15 text="["
            ] @337..338 line=15 text="]"
            ; @338..339 line=15 text=";"
          T_WHITESPACE @339..345 line=15 text="\n\n    "
          TRAIT_USE_DECL @345..482
            T_USE @345..348 line=17 text="use"
            T_WHITESPACE @348..349 line=17 text=" "
            T_STRING @349..361 line=17 text="PrimaryTrait"
            , @361..362 line=17 text=","
            T_WHITESPACE @362..363 line=17 text=" "
            T_STRING @363..377 line=17 text="SecondaryTrait"
            T_WHITESPACE @377..378 line=17 text=" "
            { @378..379 line=17 text="{"
            T_WHITESPACE @379..388 line=17 text="\n        "
            T_STRING @388..400 line=18 text="PrimaryTrait"
            T_DOUBLE_COLON @400..402 line=18 text="::"
            T_STRING @402..405 line=18 text="run"
            T_WHITESPACE @405..406 line=18 text=" "
            T_INSTEADOF @406..415 line=18 text="insteadof"
            T_WHITESPACE @415..416 line=18 text=" "
            T_STRING @416..430 line=18 text="SecondaryTrait"
            ; @430..431 line=18 text=";"
            T_WHITESPACE @431..440 line=18 text="\n        "
            T_STRING @440..454 line=19 text="SecondaryTrait"
            T_DOUBLE_COLON @454..456 line=19 text="::"
            T_STRING @456..459 line=19 text="run"
            T_WHITESPACE @459..460 line=19 text=" "
            T_AS @460..462 line=19 text="as"
            T_WHITESPACE @462..463 line=19 text=" "
            T_STRING @463..475 line=19 text="secondaryRun"
            ; @475..476 line=19 text=";"
            T_WHITESPACE @476..481 line=19 text="\n    "
            } @481..482 line=20 text="}"
          T_WHITESPACE @482..488 line=20 text="\n\n    "
          METHOD_DECL @488..566
            T_FINAL @488..493 line=22 text="final"
            T_WHITESPACE @493..494 line=22 text=" "
            T_PUBLIC @494..500 line=22 text="public"
            T_WHITESPACE @500..501 line=22 text=" "
            T_FUNCTION @501..509 line=22 text="function"
            T_WHITESPACE @509..510 line=22 text=" "
            T_STRING @510..516 line=22 text="method"
            ( @516..517 line=22 text="("
            T_STRING @517..523 line=22 text="string"
            T_WHITESPACE @523..524 line=22 text=" "
            T_VARIABLE @524..530 line=22 text="$value"
            ) @530..531 line=22 text=")"
            : @531..532 line=22 text=":"
            T_WHITESPACE @532..533 line=22 text=" "
            T_STRING @533..537 line=22 text="void"
            T_WHITESPACE @537..538 line=22 text=" "
            { @538..539 line=22 text="{"
            T_WHITESPACE @539..548 line=22 text="\n        "
            T_ECHO @548..552 line=23 text="echo"
            T_WHITESPACE @552..553 line=23 text=" "
            T_VARIABLE @553..559 line=23 text="$value"
            ; @559..560 line=23 text=";"
            T_WHITESPACE @560..565 line=23 text="\n    "
            } @565..566 line=24 text="}"
          T_WHITESPACE @566..572 line=24 text="\n\n    "
          METHOD_DECL @572..617
            T_ABSTRACT @572..580 line=26 text="abstract"
            T_WHITESPACE @580..581 line=26 text=" "
            T_PROTECTED @581..590 line=26 text="protected"
            T_WHITESPACE @590..591 line=26 text=" "
            T_FUNCTION @591..599 line=26 text="function"
            T_WHITESPACE @599..600 line=26 text=" "
            T_STRING @600..608 line=26 text="deferred"
            ( @608..609 line=26 text="("
            ) @609..610 line=26 text=")"
            : @610..611 line=26 text=":"
            T_WHITESPACE @611..612 line=26 text=" "
            T_STRING @612..616 line=26 text="void"
            ; @616..617 line=26 text=";"
          T_WHITESPACE @617..618 line=26 text="\n"
          } @618..619 line=27 text="}"
      T_WHITESPACE @619..620 line=27 text="\n"
