fixture: valid/operator_groups.php
roundtrip_ok: true
diagnostics: 0

SOURCE_FILE @0..388
  PHP_BLOCK @0..388
    T_OPEN_TAG @0..6 line=1 text="<?php\n"
    STATEMENT_LIST @6..388
      EXPR_STMT @6..26
        ASSIGN_EXPR @6..25
          VARIABLE @6..13
            T_VARIABLE @6..13 line=2 text="$prefix"
          T_WHITESPACE @13..14 line=2 text=" "
          = @14..15 line=2 text="="
          BINARY_EXPR @15..25
            T_WHITESPACE @15..16 line=2 text=" "
            PREFIX_EXPR @16..20
              + @16..17 line=2 text="+"
              EXPR @17..20
                VARIABLE @17..19
                  T_VARIABLE @17..19 line=2 text="$a"
                T_WHITESPACE @19..20 line=2 text=" "
            - @20..21 line=2 text="-"
            EXPR @21..25
              T_WHITESPACE @21..22 line=2 text=" "
              PREFIX_EXPR @22..25
                - @22..23 line=2 text="-"
                EXPR @23..25
                  VARIABLE @23..25
                    T_VARIABLE @23..25 line=2 text="$b"
        ; @25..26 line=2 text=";"
      T_WHITESPACE @26..27 line=2 text="\n"
      EXPR_STMT @27..49
        ASSIGN_EXPR @27..48
          VARIABLE @27..31
            T_VARIABLE @27..31 line=3 text="$pow"
          T_WHITESPACE @31..32 line=3 text=" "
          = @32..33 line=3 text="="
          BINARY_EXPR @33..48
            T_WHITESPACE @33..34 line=3 text=" "
            VARIABLE @34..36
              T_VARIABLE @34..36 line=3 text="$a"
            T_WHITESPACE @36..37 line=3 text=" "
            T_POW @37..39 line=3 text="**"
            BINARY_EXPR @39..48
              T_WHITESPACE @39..40 line=3 text=" "
              VARIABLE @40..42
                T_VARIABLE @40..42 line=3 text="$b"
              T_WHITESPACE @42..43 line=3 text=" "
              T_POW @43..45 line=3 text="**"
              EXPR @45..48
                T_WHITESPACE @45..46 line=3 text=" "
                VARIABLE @46..48
                  T_VARIABLE @46..48 line=3 text="$c"
        ; @48..49 line=3 text=";"
      T_WHITESPACE @49..50 line=3 text="\n"
      EXPR_STMT @50..68
        ASSIGN_EXPR @50..67
          VARIABLE @50..61
            T_VARIABLE @50..61 line=4 text="$pow_assign"
          T_WHITESPACE @61..62 line=4 text=" "
          T_POW_EQUAL @62..65 line=4 text="**="
          EXPR @65..67
            T_WHITESPACE @65..66 line=4 text=" "
            LITERAL @66..67
              T_LNUMBER @66..67 line=4 text="2"
        ; @67..68 line=4 text=";"
      T_WHITESPACE @68..69 line=4 text="\n"
      EXPR_STMT @69..105
        ASSIGN_EXPR @69..104
          VARIABLE @69..74
            T_VARIABLE @69..74 line=5 text="$math"
          T_WHITESPACE @74..75 line=5 text=" "
          = @75..76 line=5 text="="
          BINARY_EXPR @76..104
            T_WHITESPACE @76..77 line=5 text=" "
            VARIABLE @77..79
              T_VARIABLE @77..79 line=5 text="$a"
            T_WHITESPACE @79..80 line=5 text=" "
            * @80..81 line=5 text="*"
            EXPR @81..85
              T_WHITESPACE @81..82 line=5 text=" "
              VARIABLE @82..84
                T_VARIABLE @82..84 line=5 text="$b"
              T_WHITESPACE @84..85 line=5 text=" "
            / @85..86 line=5 text="/"
            EXPR @86..90
              T_WHITESPACE @86..87 line=5 text=" "
              VARIABLE @87..89
                T_VARIABLE @87..89 line=5 text="$c"
              T_WHITESPACE @89..90 line=5 text=" "
            % @90..91 line=5 text="%"
            EXPR @91..95
              T_WHITESPACE @91..92 line=5 text=" "
              VARIABLE @92..94
                T_VARIABLE @92..94 line=5 text="$d"
              T_WHITESPACE @94..95 line=5 text=" "
            + @95..96 line=5 text="+"
            EXPR @96..100
              T_WHITESPACE @96..97 line=5 text=" "
              VARIABLE @97..99
                T_VARIABLE @97..99 line=5 text="$e"
              T_WHITESPACE @99..100 line=5 text=" "
            - @100..101 line=5 text="-"
            EXPR @101..104
              T_WHITESPACE @101..102 line=5 text=" "
              VARIABLE @102..104
                T_VARIABLE @102..104 line=5 text="$f"
        ; @104..105 line=5 text=";"
      T_WHITESPACE @105..106 line=5 text="\n"
      EXPR_STMT @106..124
        ASSIGN_EXPR @106..123
          VARIABLE @106..113
            T_VARIABLE @106..113 line=6 text="$concat"
          T_WHITESPACE @113..114 line=6 text=" "
          = @114..115 line=6 text="="
          BINARY_EXPR @115..123
            T_WHITESPACE @115..116 line=6 text=" "
            VARIABLE @116..118
              T_VARIABLE @116..118 line=6 text="$a"
            T_WHITESPACE @118..119 line=6 text=" "
            . @119..120 line=6 text="."
            EXPR @120..123
              T_WHITESPACE @120..121 line=6 text=" "
              VARIABLE @121..123
                T_VARIABLE @121..123 line=6 text="$b"
        ; @123..124 line=6 text=";"
      T_WHITESPACE @124..125 line=6 text="\n"
      EXPR_STMT @125..149
        ASSIGN_EXPR @125..148
          VARIABLE @125..131
            T_VARIABLE @125..131 line=7 text="$shift"
          T_WHITESPACE @131..132 line=7 text=" "
          = @132..133 line=7 text="="
          BINARY_EXPR @133..148
            T_WHITESPACE @133..134 line=7 text=" "
            VARIABLE @134..136
              T_VARIABLE @134..136 line=7 text="$a"
            T_WHITESPACE @136..137 line=7 text=" "
            T_SL @137..139 line=7 text="<<"
            EXPR @139..143
              T_WHITESPACE @139..140 line=7 text=" "
              VARIABLE @140..142
                T_VARIABLE @140..142 line=7 text="$b"
              T_WHITESPACE @142..143 line=7 text=" "
            T_SR @143..145 line=7 text=">>"
            EXPR @145..148
              T_WHITESPACE @145..146 line=7 text=" "
              VARIABLE @146..148
                T_VARIABLE @146..148 line=7 text="$c"
        ; @148..149 line=7 text=";"
      T_WHITESPACE @149..150 line=7 text="\n"
      EXPR_STMT @150..169
        ASSIGN_EXPR @150..168
          VARIABLE @150..158
            T_VARIABLE @150..158 line=8 text="$compare"
          T_WHITESPACE @158..159 line=8 text=" "
          = @159..160 line=8 text="="
          BINARY_EXPR @160..168
            T_WHITESPACE @160..161 line=8 text=" "
            VARIABLE @161..163
              T_VARIABLE @161..163 line=8 text="$a"
            T_WHITESPACE @163..164 line=8 text=" "
            < @164..165 line=8 text="<"
            EXPR @165..168
              T_WHITESPACE @165..166 line=8 text=" "
              VARIABLE @166..168
                T_VARIABLE @166..168 line=8 text="$b"
        ; @168..169 line=8 text=";"
      T_WHITESPACE @169..170 line=8 text="\n"
      EXPR_STMT @170..206
        ASSIGN_EXPR @170..205
          VARIABLE @170..181
            T_VARIABLE @170..181 line=9 text="$type_check"
          T_WHITESPACE @181..182 line=9 text=" "
          = @182..183 line=9 text="="
          BINARY_EXPR @183..205
            T_WHITESPACE @183..184 line=9 text=" "
            VARIABLE @184..186
              T_VARIABLE @184..186 line=9 text="$a"
            T_WHITESPACE @186..187 line=9 text=" "
            T_INSTANCEOF @187..197 line=9 text="instanceof"
            EXPR @197..205
              T_WHITESPACE @197..198 line=9 text=" "
              NAME @198..205
                T_NAME_QUALIFIED @198..205 line=9 text="Foo\\Bar"
        ; @205..206 line=9 text=";"
      T_WHITESPACE @206..207 line=9 text="\n"
      EXPR_STMT @207..230
        ASSIGN_EXPR @207..229
          VARIABLE @207..217
            T_VARIABLE @207..217 line=10 text="$spaceship"
          T_WHITESPACE @217..218 line=10 text=" "
          = @218..219 line=10 text="="
          BINARY_EXPR @219..229
            T_WHITESPACE @219..220 line=10 text=" "
            VARIABLE @220..222
              T_VARIABLE @220..222 line=10 text="$a"
            T_WHITESPACE @222..223 line=10 text=" "
            T_SPACESHIP @223..226 line=10 text="<=>"
            EXPR @226..229
              T_WHITESPACE @226..227 line=10 text=" "
              VARIABLE @227..229
                T_VARIABLE @227..229 line=10 text="$b"
        ; @229..230 line=10 text=";"
      T_WHITESPACE @230..231 line=10 text="\n"
      EXPR_STMT @231..266
        ASSIGN_EXPR @231..265
          VARIABLE @231..240
            T_VARIABLE @231..240 line=11 text="$equality"
          T_WHITESPACE @240..241 line=11 text=" "
          = @241..242 line=11 text="="
          BINARY_EXPR @242..265
            T_WHITESPACE @242..243 line=11 text=" "
            VARIABLE @243..245
              T_VARIABLE @243..245 line=11 text="$a"
            T_WHITESPACE @245..246 line=11 text=" "
            T_IS_IDENTICAL @246..249 line=11 text="==="
            EXPR @249..253
              T_WHITESPACE @249..250 line=11 text=" "
              VARIABLE @250..252
                T_VARIABLE @250..252 line=11 text="$b"
              T_WHITESPACE @252..253 line=11 text=" "
            T_BOOLEAN_OR @253..255 line=11 text="||"
            BINARY_EXPR @255..265
              T_WHITESPACE @255..256 line=11 text=" "
              VARIABLE @256..258
                T_VARIABLE @256..258 line=11 text="$a"
              T_WHITESPACE @258..259 line=11 text=" "
              T_IS_NOT_IDENTICAL @259..262 line=11 text="!=="
              EXPR @262..265
                T_WHITESPACE @262..263 line=11 text=" "
                VARIABLE @263..265
                  T_VARIABLE @263..265 line=11 text="$c"
        ; @265..266 line=11 text=";"
      T_WHITESPACE @266..267 line=11 text="\n"
      EXPR_STMT @267..297
        ASSIGN_EXPR @267..296
          VARIABLE @267..272
            T_VARIABLE @267..272 line=12 text="$bits"
          T_WHITESPACE @272..273 line=12 text=" "
          = @273..274 line=12 text="="
          BINARY_EXPR @274..296
            T_WHITESPACE @274..275 line=12 text=" "
            PARENTHESIZED_EXPR @275..284
              ( @275..276 line=12 text="("
              BINARY_EXPR @276..283
                VARIABLE @276..278
                  T_VARIABLE @276..278 line=12 text="$a"
                T_WHITESPACE @278..279 line=12 text=" "
                T_AMPERSAND_FOLLOWED_BY_VAR_OR_VARARG @279..280 line=12 text="&"
                EXPR @280..283
                  T_WHITESPACE @280..281 line=12 text=" "
                  VARIABLE @281..283
                    T_VARIABLE @281..283 line=12 text="$b"
              ) @283..284 line=12 text=")"
            T_WHITESPACE @284..285 line=12 text=" "
            ^ @285..286 line=12 text="^"
            EXPR @286..296
              T_WHITESPACE @286..287 line=12 text=" "
              PARENTHESIZED_EXPR @287..296
                ( @287..288 line=12 text="("
                BINARY_EXPR @288..295
                  VARIABLE @288..290
                    T_VARIABLE @288..290 line=12 text="$c"
                  T_WHITESPACE @290..291 line=12 text=" "
                  | @291..292 line=12 text="|"
                  EXPR @292..295
                    T_WHITESPACE @292..293 line=12 text=" "
                    VARIABLE @293..295
                      T_VARIABLE @293..295 line=12 text="$d"
                ) @295..296 line=12 text=")"
        ; @296..297 line=12 text=";"
      T_WHITESPACE @297..298 line=12 text="\n"
      EXPR_STMT @298..323
        ASSIGN_EXPR @298..322
          VARIABLE @298..304
            T_VARIABLE @298..304 line=13 text="$logic"
          T_WHITESPACE @304..305 line=13 text=" "
          = @305..306 line=13 text="="
          BINARY_EXPR @306..322
            T_WHITESPACE @306..307 line=13 text=" "
            PREFIX_EXPR @307..311
              ! @307..308 line=13 text="!"
              EXPR @308..311
                VARIABLE @308..310
                  T_VARIABLE @308..310 line=13 text="$a"
                T_WHITESPACE @310..311 line=13 text=" "
            T_BOOLEAN_AND @311..313 line=13 text="&&"
            EXPR @313..317
              T_WHITESPACE @313..314 line=13 text=" "
              VARIABLE @314..316
                T_VARIABLE @314..316 line=13 text="$b"
              T_WHITESPACE @316..317 line=13 text=" "
            T_BOOLEAN_OR @317..319 line=13 text="||"
            EXPR @319..322
              T_WHITESPACE @319..320 line=13 text=" "
              VARIABLE @320..322
                T_VARIABLE @320..322 line=13 text="$c"
        ; @322..323 line=13 text=";"
      T_WHITESPACE @323..324 line=13 text="\n"
      EXPR_STMT @324..359
        ASSIGN_EXPR @324..358
          VARIABLE @324..333
            T_VARIABLE @324..333 line=14 text="$keywords"
          T_WHITESPACE @333..334 line=14 text=" "
          = @334..335 line=14 text="="
          EXPR @335..339
            T_WHITESPACE @335..336 line=14 text=" "
            VARIABLE @336..338
              T_VARIABLE @336..338 line=14 text="$a"
            T_WHITESPACE @338..339 line=14 text=" "
          T_LOGICAL_AND @339..342 line=14 text="and"
          EXPR @342..346
            T_WHITESPACE @342..343 line=14 text=" "
            VARIABLE @343..345
              T_VARIABLE @343..345 line=14 text="$b"
            T_WHITESPACE @345..346 line=14 text=" "
          T_LOGICAL_XOR @346..349 line=14 text="xor"
          EXPR @349..353
            T_WHITESPACE @349..350 line=14 text=" "
            VARIABLE @350..352
              T_VARIABLE @350..352 line=14 text="$c"
            T_WHITESPACE @352..353 line=14 text=" "
          T_LOGICAL_OR @353..355 line=14 text="or"
          EXPR @355..358
            T_WHITESPACE @355..356 line=14 text=" "
            VARIABLE @356..358
              T_VARIABLE @356..358 line=14 text="$d"
        ; @358..359 line=14 text=";"
      T_WHITESPACE @359..360 line=14 text="\n"
      EXPR_STMT @360..387
        ASSIGN_EXPR @360..386
          VARIABLE @360..369
            T_VARIABLE @360..369 line=15 text="$coalesce"
          T_WHITESPACE @369..370 line=15 text=" "
          = @370..371 line=15 text="="
          BINARY_EXPR @371..386
            T_WHITESPACE @371..372 line=15 text=" "
            VARIABLE @372..374
              T_VARIABLE @372..374 line=15 text="$a"
            T_WHITESPACE @374..375 line=15 text=" "
            T_COALESCE @375..377 line=15 text="??"
            BINARY_EXPR @377..386
              T_WHITESPACE @377..378 line=15 text=" "
              VARIABLE @378..380
                T_VARIABLE @378..380 line=15 text="$b"
              T_WHITESPACE @380..381 line=15 text=" "
              T_COALESCE @381..383 line=15 text="??"
              EXPR @383..386
                T_WHITESPACE @383..384 line=15 text=" "
                VARIABLE @384..386
                  T_VARIABLE @384..386 line=15 text="$c"
        ; @386..387 line=15 text=";"
      T_WHITESPACE @387..388 line=15 text="\n"
